#-----------------------------------------------------------
# Vivado v2025.2 (64-bit)
# SW Build 6299465 on Fri Nov 14 19:35:11 GMT 2025
# IP Build 6300035 on Fri Nov 14 10:48:45 MST 2025
# SharedData Build 6298862 on Thu Nov 13 04:50:51 MST 2025
# Start of session at: Wed Dec  3 09:50:54 2025
# Process ID         : 28780
# Current directory  : C:/Users/nicol/Downloads/Trabalho_ORG/Trabalho_ORG.runs/synth_1
# Command line       : vivado.exe -log TopLevel.vds -product Vivado -mode batch -messageDb vivado.pb -notrace -source TopLevel.tcl
# Log file           : C:/Users/nicol/Downloads/Trabalho_ORG/Trabalho_ORG.runs/synth_1/TopLevel.vds
# Journal file       : C:/Users/nicol/Downloads/Trabalho_ORG/Trabalho_ORG.runs/synth_1\vivado.jou
# Running On         : nicolasnotebook
# Platform           : Windows Server 2016 or Windows 10
# Operating System   : 26200
# Processor Detail   : 11th Gen Intel(R) Core(TM) i5-11400H @ 2.70GHz
# CPU Frequency      : 2688 MHz
# CPU Physical cores : 6
# CPU Logical cores  : 12
# Host memory        : 16897 MB
# Swap memory        : 24696 MB
# Total Virtual      : 41593 MB
# Available Virtual  : 15061 MB
#-----------------------------------------------------------
source TopLevel.tcl -notrace
